// Jest Snapshot v1, https://goo.gl/fbAQLP

exports[`mounts without crashing 1`] = `
.emotion-14 {
  display: grid;
  grid-template-columns: 20% 80%;
}

.emotion-0 {
  padding: 1em;
}

.emotion-8 {
  display: -webkit-box;
  display: -webkit-flex;
  display: -ms-flexbox;
  display: flex;
  -webkit-box-pack: space-evenly;
  -webkit-justify-content: space-evenly;
  -ms-flex-pack: space-evenly;
  justify-content: space-evenly;
  -webkit-flex-direction: column;
  -ms-flex-direction: column;
  flex-direction: column;
  grid-area: rellinks;
}

.emotion-8 * {
  padding: .25rem;
  border: 1px dashed black;
}

.emotion-10 {
  display: block;
  padding: 1em;
  border-radius: 3px;
  border: 1px solid gray;
}

.emotion-10 .emotion-3 {
  padding: 1rem;
}

<div>
  <div
    className="emotion-14"
  >
    <div
      className="emotion-0 emotion-1 docutils-document document"
    >
      
    
      <div
        className="document-toctree toctree-master"
        docname="index"
        master="True"
      >
        
        
        <div
          className="doc-caption"
        >
          Contents:
        </div>
        
        
        <div
          className="toctree-list"
        >
          
            
          <div
            className="toctree-list-item"
          >
            
                
            <a
              className="toctree-link"
              href="intro"
            >
              
Introduction                
            </a>
            
                
            <div
              className="toctree-list"
            >
              
                    
              <div
                className="toctree-list-item"
              >
                
                        
                <a
                  className="toctree-link"
                  href="intro#dependencies"
                >
                  
Dependencies                        
                </a>
                
                    
              </div>
              
                    
              <div
                className="toctree-list-item"
              >
                
                        
                <a
                  className="toctree-link"
                  href="intro#middle-section"
                >
                  
Middle Section                        
                </a>
                
                    
              </div>
              
                    
              <div
                className="toctree-list-item"
              >
                
                        
                <a
                  className="toctree-link"
                  href="intro#final-section"
                >
                  
Final Section                        
                </a>
                
                    
              </div>
              
                
            </div>
            
            
          </div>
          
            
          <div
            className="toctree-list-item"
          >
            
                
            <a
              className="toctree-link"
              href="other_junk"
            >
              
Other Junk                
            </a>
            
            
          </div>
          
        
        </div>
        
    
      </div>
      

    </div>
    <div
      className="emotion-0 emotion-1 docutils-document document"
    >
      
    
      <div
        className="emotion-8 emotion-9"
        xlinkType="extended"
      >
        
        
        <a
          className="emotion-2 emotion-3 document-link"
        >
          Parent
        </a>
        
        
        <a
          className="emotion-2 emotion-3 document-link"
        >
          Previous topic
        </a>
        
        
        <a
          className="emotion-2 emotion-3 document-link"
          href="intro"
        >
          Next topic
        </a>
        
    
      </div>
      
    
      <div
        classes="local-toc"
      >
        
        
        <ul>
          
            
          <li>
            
                
            <div
              className="compact-paragraph"
            >
              <a
                className="reference-internal reference"
                href="#"
              >
                Sphinx/Docutils Doc Browser
              </a>
            </div>
            
                
            <ul>
              
                    
              <div
                className="compact-paragraph"
                toctree="True"
              >
                <div
                  className="doc-caption"
                >
                  Contents:
                </div>
                <ul>
                  <li
                    classes="toctree-l1"
                  >
                    <div
                      className="compact-paragraph"
                      classes="toctree-l1"
                    >
                      <a
                        className="reference-internal reference"
                        href="intro"
                      >
                        Introduction
                      </a>
                    </div>
                    <ul>
                      <li
                        classes="toctree-l2"
                      >
                        <div
                          className="compact-paragraph"
                          classes="toctree-l2"
                        >
                          <a
                            className="reference-internal reference"
                            href="intro#dependencies"
                          >
                            Dependencies
                          </a>
                        </div>
                      </li>
                      <li
                        classes="toctree-l2"
                      >
                        <div
                          className="compact-paragraph"
                          classes="toctree-l2"
                        >
                          <a
                            className="reference-internal reference"
                            href="intro#middle-section"
                          >
                            Middle Section
                          </a>
                        </div>
                      </li>
                      <li
                        classes="toctree-l2"
                      >
                        <div
                          className="compact-paragraph"
                          classes="toctree-l2"
                        >
                          <a
                            className="reference-internal reference"
                            href="intro#final-section"
                          >
                            Final Section
                          </a>
                        </div>
                      </li>
                    </ul>
                  </li>
                  <li
                    classes="toctree-l1"
                  >
                    <div
                      className="compact-paragraph"
                      classes="toctree-l1"
                    >
                      <a
                        className="reference-internal reference"
                        href="other_junk"
                      >
                        Other Junk
                      </a>
                    </div>
                  </li>
                </ul>
              </div>
              
                
            </ul>
            
            
          </li>
          
        
        </ul>
        
    
      </div>
      
    
      <div
        className="emotion-10 emotion-11 document-links"
      >
        
    
      </div>
      
    
      
    
      <section>
        
        
        <h1
          className="doc-title"
        >
          Sphinx/Docutils Doc Browser
        </h1>
        
        
        <div
          className="doc-compound"
          classes="toctree-wrapper"
        >
          
            
          <div
            className="compact-paragraph"
            toctree="True"
          >
            <div
              className="doc-caption"
            >
              Contents:
            </div>
            <ul>
              <li
                classes="toctree-l1"
              >
                <div
                  className="compact-paragraph"
                  classes="toctree-l1"
                >
                  <a
                    className="reference-internal reference"
                    href="intro"
                  >
                    Introduction
                  </a>
                </div>
                <ul>
                  <li
                    classes="toctree-l2"
                  >
                    <div
                      className="compact-paragraph"
                      classes="toctree-l2"
                    >
                      <a
                        className="reference-internal reference"
                        href="intro#dependencies"
                      >
                        Dependencies
                      </a>
                    </div>
                  </li>
                  <li
                    classes="toctree-l2"
                  >
                    <div
                      className="compact-paragraph"
                      classes="toctree-l2"
                    >
                      <a
                        className="reference-internal reference"
                        href="intro#middle-section"
                      >
                        Middle Section
                      </a>
                    </div>
                  </li>
                  <li
                    classes="toctree-l2"
                  >
                    <div
                      className="compact-paragraph"
                      classes="toctree-l2"
                    >
                      <a
                        className="reference-internal reference"
                        href="intro#final-section"
                      >
                        Final Section
                      </a>
                    </div>
                  </li>
                </ul>
              </li>
              <li
                classes="toctree-l1"
              >
                <div
                  className="compact-paragraph"
                  classes="toctree-l1"
                >
                  <a
                    className="reference-internal reference"
                    href="other_junk"
                  >
                    Other Junk
                  </a>
                </div>
              </li>
            </ul>
          </div>
          
        
        </div>
        
    
      </section>
      

    </div>
  </div>
</div>
`;
